===== deploy started at 2026-08-29T15:42:51Z =====
[2026-08-29T15:42:51Z] [STEP] 1/7  Validating environment
[2026-08-29T15:43:00Z] [STEP] 2/7  Building the application
[2026-08-29T15:43:00Z] [INFO] Building with APP_VERSION=1.0.0, HOST_PORT=3000
[2026-08-29T15:43:00Z] [STEP] 3/7  Creating Docker image(s)
[?25l[0G[+] build 1/1
 [32m✔[0m Image xqora-demo-app:1.0.0 [32mBuilt[0m                                                                                             [34m80.9s[0m
[?25h[2026-08-29T15:44:17Z] [OK] Docker image built: xqora-demo-app:1.0.0
[2026-08-29T15:44:17Z] [STEP] 4/7  Starting required containers
[?25l[0G[+] up 0/1
 [33m⠋[0m Network xqora-net Creating                                                                                                    [34m0.0s[0m
[?25h[?25l[2A[0G[+] up 0/1
 [33m⠙[0m Network xqora-net Creating                                                                                                    [34m0.1s[0m
[?25h[?25l[2A[0G[+] up 1/2
 [32m✔[0m Network xqora-net        [32mCreated[0m                                                                                              [34m0.2s[0m
 [33m⠋[0m Container xqora-demo-app Creating                                                                                             [34m0.0s[0m
[?25h[?25l[3A[0G[+] up 1/2
 [32m✔[0m Network xqora-net        [32mCreated[0m                                                                                              [34m0.2s[0m
 [33m⠙[0m Container xqora-demo-app Creating                                                                                             [34m0.1s[0m
[?25h[?25l[3A[0G[+] up 1/2
 [32m✔[0m Network xqora-net        [32mCreated[0m                                                                                              [34m0.2s[0m
 [33m⠹[0m Container xqora-demo-app Creating                                                                                             [34m0.2s[0m
[?25h[?25l[3A[0G[+] up 1/2
 [32m✔[0m Network xqora-net        [32mCreated[0m                                                                                              [34m0.2s[0m
 [33m⠸[0m Container xqora-demo-app Creating                                                                                             [34m0.3s[0m
[?25h[?25l[3A[0G[+] up 1/2
 [32m✔[0m Network xqora-net        [32mCreated[0m                                                                                              [34m0.2s[0m
 [33m⠼[0m Container xqora-demo-app Creating                                                                                             [34m0.4s[0m
[?25h[?25l[3A[0G[+] up 1/2
 [32m✔[0m Network xqora-net        [32mCreated[0m                                                                                              [34m0.2s[0m
 [33m⠴[0m Container xqora-demo-app Creating                                                                                             [34m0.5s[0m
[?25h[?25l[3A[0G[+] up 2/2
 [32m✔[0m Network xqora-net        [32mCreated[0m                                                                                              [34m0.2s[0m
 [32m✔[0m Container xqora-demo-app [32mCreated[0m                                                                                              [34m0.6s[0m
[?25h[?25l[3A[0G[+] up 1/2
 [32m✔[0m Network xqora-net        [32mCreated[0m                                                                                              [34m0.2s[0m
 [33m⠦[0m Container xqora-demo-app Starting                                                                                             [34m0.7s[0m
[?25h[?25l[3A[0G[+] up 1/2
 [32m✔[0m Network xqora-net        [32mCreated[0m                                                                                              [34m0.2s[0m
 [33m⠧[0m Container xqora-demo-app Starting                                                                                             [34m0.8s[0m
[?25h[?25l[3A[0G[+] up 1/2
 [32m✔[0m Network xqora-net        [32mCreated[0m                                                                                              [34m0.2s[0m
 [33m⠇[0m Container xqora-demo-app Starting                                                                                             [34m0.9s[0m
[?25h[?25l[3A[0G[+] up 1/2
 [32m✔[0m Network xqora-net        [32mCreated[0m                                                                                              [34m0.2s[0m
 [33m⠏[0m Container xqora-demo-app Starting                                                                                             [34m1.0s[0m
[?25h[?25l[3A[0G[+] up 1/2
 [32m✔[0m Network xqora-net        [32mCreated[0m                                                                                              [34m0.2s[0m
 [33m⠋[0m Container xqora-demo-app Starting                                                                                             [34m1.1s[0m
[?25h[?25l[3A[0G[+] up 1/2
 [32m✔[0m Network xqora-net        [32mCreated[0m                                                                                              [34m0.2s[0m
 [33m⠙[0m Container xqora-demo-app Starting                                                                                             [34m1.2s[0m
[?25h[?25l[3A[0G[+] up 1/2
 [32m✔[0m Network xqora-net        [32mCreated[0m                                                                                              [34m0.2s[0m
 [33m⠹[0m Container xqora-demo-app Starting                                                                                             [34m1.3s[0m
[?25h[?25l[3A[0G[+] up 1/2
 [32m✔[0m Network xqora-net        [32mCreated[0m                                                                                              [34m0.2s[0m
 [33m⠸[0m Container xqora-demo-app Starting                                                                                             [34m1.4s[0m
[?25h[?25l[3A[0G[+] up 1/2
 [32m✔[0m Network xqora-net        [32mCreated[0m                                                                                              [34m0.2s[0m
 [33m⠼[0m Container xqora-demo-app Starting                                                                                             [34m1.5s[0m
[?25h[?25l[3A[0G[+] up 1/2
 [32m✔[0m Network xqora-net        [32mCreated[0m                                                                                              [34m0.2s[0m
 [33m⠴[0m Container xqora-demo-app Starting                                                                                             [34m1.6s[0m
[?25h[?25l[3A[0G[+] up 1/2
 [32m✔[0m Network xqora-net        [32mCreated[0m                                                                                              [34m0.2s[0m
 [33m⠦[0m Container xqora-demo-app Starting                                                                                             [34m1.7s[0m
[?25h[?25l[3A[0G[+] up 1/2
 [32m✔[0m Network xqora-net        [32mCreated[0m                                                                                              [34m0.2s[0m
 [33m⠧[0m Container xqora-demo-app Starting                                                                                             [34m1.8s[0m
[?25h[?25l[3A[0G[+] up 1/2
 [32m✔[0m Network xqora-net        [32mCreated[0m                                                                                              [34m0.2s[0m
 [33m⠇[0m Container xqora-demo-app Starting                                                                                             [34m1.9s[0m
[?25h[?25l[3A[0G[+] up 2/2
 [32m✔[0m Network xqora-net        [32mCreated[0m                                                                                              [34m0.2s[0m
 [32m✔[0m Container xqora-demo-app [32mStarted[0m                                                                                              [34m2.0s[0m
[?25h[2026-08-29T15:44:20Z] [OK] Container(s) started
[2026-08-29T15:44:20Z] [STEP] 5/7  Configuring networking
[2026-08-29T15:44:21Z] [OK] Network 'xqora-net' is configured
[2026-08-29T15:44:21Z] [ERROR] Port 3000 is not accessible after container start.
[2026-08-29T15:44:21Z] [STEP] Triggering automated rollback
XQORA Deployment Report
========================
Date/Time (UTC):     2026-08-29T15:44:25Z
Version/Build:       1.0.0
Deployment Status:   DEPLOYMENT FAILED
Health-check Result: N/A
Errors:              Port 3000 is not accessible after container start.
Rollback Status:     failed

Full run log: /home/xqora/xqora-deploy-platform/logs/deploy-20260829-154251.log
[2026-08-29T15:44:25Z] [INFO] Deployment report written to /home/xqora/xqora-deploy-platform/logs/deployment-report-20260829-154251.txt
